<p>Content from "sub/samedir.jade"</p>
<p>Content from common.jade</p>
<p>Content from "sub/jade-include.jade"</p>