<ul>
  <li>/assets/54753589/coffeescript-source.coffee</li>
  <li>/assets/82834aa5/stack/stack.coffee</li>
  <li>/assets/9053106b/colors.less</li>
</ul>