<img title="Our Logo" src="/assets/8ee745bf/aviso-logo.png">
